<?xml version="1.0" encoding="UTF-8"?>
<!DOCTYPE tv SYSTEM "xmltv.dtd">

<tv>
  <programme start="20011211180000" channel="south-east.bbc1.bbc.co.uk">
    <title>Â£</title>
  </programme>
</tv>
