<?xml version="1.0" encoding="UTF-8"?>
<!DOCTYPE tv SYSTEM "xmltv.dtd">

<tv>
  <programme start="2001121804:05:00" channel="carlton.com">
    <title lang="en">ITV Nightscreen</title>
    <desc lang="en">Behind the scenes of ITV programmes, a guide to films being shown on the small screen, plus recipes and facts</desc>
    <category>factual</category>
  </programme>
</tv>
