12-18 (Tuesday)

04:05--	ITV Nightscreen	carlton.com
04:05--04:30	Motorsport Mundial	channel5.co.uk
