<?xml version="1.0" encoding="UTF-8"?>
<!DOCTYPE tv SYSTEM "xmltv.dtd">

<tv>
  <programme start="2001121804:05:00" channel="carlton.com">
    <title lang="en">ITV Nightscreen</title>
    <desc lang="en">Behind the scenes of ITV programmes, a guide to films being shown on the small screen, plus recipes and facts</desc>
    <category>factual</category>
  </programme>
  <programme start="2001121804:05:00" stop="2001121804:30:00" channel="channel5.co.uk">
    <title lang="en">Motorsport Mundial</title>
    <desc lang="en">High-speed footage, news and views from around the world, focusing on everything from touring car races to single-seater events</desc>
    <category>sport</category>
    <audio>
      <present>yes</present>
      <stereo>stereo</stereo>
    </audio>
  </programme>
</tv>
