\documentclass[a4paper]{article}
\usepackage[latin1]{inputenc}
\begin{document}
\sf
\begin{flushleft}
\section*{\sf 12-18 (Tuesday)}
\begin{tabular}{r@{--}lp{0.7\textwidth}r} 
\smallskip
04:05 &  &
{ \small \raggedright
ITV Nightscreen
} & carlton.com \\
\smallskip
04:05 & 04:30 &
{ \small \raggedright
Motorsport Mundial
} & channel5.co.uk \\
\end{tabular} \\ 
\end{flushleft}
\end{document}
